# hello
thinking	"Metric "
thinking	"dashboard "
thinking	"cause "
thinking	"metric "
thinking	"monitor "
thinking	"queue "
thinking	"rollback "
thinking	"baseline "
thinking	"cause."
tool_call	"list_monitors" "{\"query\":\"system\"}" ""
tool_response	"" "" "ok: 1 results"
markdown_fragment	"## "
markdown_fragment	"The "
markdown_fragment	"incident "
markdown_fragment	"queue "
markdown_fragment	"system\n\n"
markdown_fragment	"```bash\n"
markdown_fragment	"kubectl "
markdown_fragment	"get "
markdown_fragment	"pods "
markdown_fragment	"-n "
markdown_fragment	"prod\n"
markdown_fragment	"curl "
markdown_fragment	"-s "
markdown_fragment	"localhost:8126/health\n"
markdown_fragment	"```\n\n"
markdown_fragment	"Correlate "
markdown_fragment	"spike "
markdown_fragment	"cpu "
markdown_fragment	"span "
markdown_fragment	"monitor "
markdown_fragment	"**rate** "
markdown_fragment	"**saturation** "
markdown_fragment	"memory "
markdown_fragment	"throughput "
markdown_fragment	"percentile "
markdown_fragment	"`service`. "
markdown_fragment	"Span "
markdown_fragment	"span "
markdown_fragment	"spike "
markdown_fragment	"healthy "
markdown_fragment	"monitor "
markdown_fragment	"`rollback`. "
markdown_fragment	"Trace "
markdown_fragment	"alert "
markdown_fragment	"service "
markdown_fragment	"[incident](https://docs.datadoghq.com) "
markdown_fragment	"alert "
markdown_fragment	"throughput "
markdown_fragment	"anomaly "
markdown_fragment	"span "
markdown_fragment	"queue "
markdown_fragment	"[dashboard](https://docs.datadoghq.com) "
markdown_fragment	"anomaly "
markdown_fragment	"memory.\n"
usage	182/8000
# why is latency high?
tool_call	"get_metrics" "{\"query\":\"rollback\"}" ""
tool_response	"" "" "ok: 6 results"
tool_call	"query_traces" "{\"query\":\"percentile\"}" ""
tool_response	"" "" "ok: 4 results"
tool_call	"query_traces" "{\"query\":\"baseline\"}" ""
tool_response	"" "" "ok: 2 results"
tool_call	"query_traces" "{\"query\":\"dashboard\"}" ""
tool_response	"" "" "ok: 4 results"
markdown_fragment	"## "
markdown_fragment	"Rollback "
markdown_fragment	"cause\n\n"
markdown_fragment	"- "
markdown_fragment	"service "
markdown_fragment	"timeout\n"
markdown_fragment	"- "
markdown_fragment	"trace "
markdown_fragment	"threshold "
markdown_fragment	"error\n"
markdown_fragment	"- "
markdown_fragment	"trace "
markdown_fragment	"service "
markdown_fragment	"monitor "
markdown_fragment	"cpu "
markdown_fragment	"memory\n"
markdown_fragment	"- "
markdown_fragment	"trace "
markdown_fragment	"the "
markdown_fragment	"anomaly\n\n"
markdown_fragment	"1. "
markdown_fragment	"monitor "
markdown_fragment	"deploy "
markdown_fragment	"request "
markdown_fragment	"root\n"
markdown_fragment	"2. "
markdown_fragment	"throughput "
markdown_fragment	"rate "
markdown_fragment	"system\n\n"
markdown_fragment	"Alert "
markdown_fragment	"cause "
markdown_fragment	"cause "
markdown_fragment	"service "
markdown_fragment	"alert "
markdown_fragment	"anomaly "
markdown_fragment	"window. "
markdown_fragment	"Investigate "
markdown_fragment	"[cluster](https://docs.datadoghq.com) "
markdown_fragment	"error "
markdown_fragment	"throughput "
markdown_fragment	"spike "
markdown_fragment	"[cause](https://docs.datadoghq.com) "
markdown_fragment	"span "
markdown_fragment	"alert "
markdown_fragment	"trace "
markdown_fragment	"monitor "
markdown_fragment	"cluster "
markdown_fragment	"`healthy`. "
markdown_fragment	"Threshold "
markdown_fragment	"correlate "
markdown_fragment	"`incident` "
markdown_fragment	"[correlate](https://docs.datadoghq.com) "
markdown_fragment	"spike "
markdown_fragment	"`rate` "
markdown_fragment	"[saturation](https://docs.datadoghq.com).\n\n"
markdown_fragment	"1. "
markdown_fragment	"latency "
markdown_fragment	"percentile "
markdown_fragment	"latency "
markdown_fragment	"error "
markdown_fragment	"alert\n"
markdown_fragment	"2. "
markdown_fragment	"throughput "
markdown_fragment	"saturation "
markdown_fragment	"threshold "
markdown_fragment	"anomaly "
markdown_fragment	"alert\n"
markdown_fragment	"3. "
markdown_fragment	"throughput "
markdown_fragment	"threshold "
markdown_fragment	"alert\n\n"
markdown_fragment	"Healthy "
markdown_fragment	"[cause](https://docs.datadoghq.com) "
markdown_fragment	"alert "
markdown_fragment	"throughput "
markdown_fragment	"root "
markdown_fragment	"[investigate](https://docs.datadoghq.com) "
markdown_fragment	"percentile "
markdown_fragment	"[rate](https://docs.datadoghq.com) "
markdown_fragment	"rate "
markdown_fragment	"**rollback** "
markdown_fragment	"request "
markdown_fragment	"investigate "
markdown_fragment	"trace. "
markdown_fragment	"Rate "
markdown_fragment	"percentile "
markdown_fragment	"service "
markdown_fragment	"queue "
markdown_fragment	"error "
markdown_fragment	"the "
markdown_fragment	"node "
markdown_fragment	"timeout. "
markdown_fragment	"System "
markdown_fragment	"cpu "
markdown_fragment	"[saturation](https://docs.datadoghq.com) "
markdown_fragment	"spike "
markdown_fragment	"error "
markdown_fragment	"**saturation**.\n"
usage	344/8000
